// Jest Snapshot v1, https://goo.gl/fbAQLP

exports[`should render correctly 1`] = `
<div>
  <li
    class="c-todo-item"
    data-item-id="1"
  >
    <button
      class="c-todo-item__remove-btn"
      data-testid="removeBtn"
    >
      Ã—
    </button>
    <input
      class="c-todo-item__done-check"
      data-testid="toggleCheck"
      type="checkbox"
    />
    <span
      class="c-todo-item__text "
      data-testid="text"
    >
      test
    </span>
  </li>
</div>
`;
